[holi-site-demo.pages.dev/index.html]
[holi-site-demo.pages.dev/_next/static/media/017d9bea37084d9b-s.p.a6d6de71.woff2]
[holi-site-demo.pages.dev/_next/static/chunks/1bef54efe830590f.css]
[holi-site-demo.pages.dev/_next/static/chunks/4b9eae0c8dc7e975.js]
[holi-site-demo.pages.dev/_next/static/chunks/f2f58a7e93290fbb.js]
[holi-site-demo.pages.dev/_next/static/chunks/6eb1bac6b57023f6.js]
[holi-site-demo.pages.dev/_next/static/chunks/turbopack-da1d1c3932c9a2c7.js]
[holi-site-demo.pages.dev/_next/static/chunks/2f236954d6a65e12.js]
[backblue.gif]
[fade.gif]
[index.html]
[holi-site-demo.pages.dev/_next/static/chunks/1e560e22bcf41304.js]
[holi-site-demo.pages.dev/favicon83fe.ico]
[holi-site-demo.pages.dev/index.html]
[holi-site-demo.pages.dev/_next/static/chunks/a6dad97d9634a72d.js]
[holi-site-demo.pages.dev/_next/static/media/033400d475fad6b1-s.a188d1ff.woff2]
[holi-site-demo.pages.dev/_next/static/media/26daee0352f50a5f-s.d9ee93eb.woff2]
[holi-site-demo.pages.dev/_next/static/chunks/1bef54efe830590f.css]
